exports[`kinopoisk/cinemaInfoFromRes generates a timestamp for showtime 1`] = `2016-11-14T14:00:00.000Z`;

exports[`kinopoisk/cinemaInfoFromRes generates a timestamp for showtime 2`] = `2016-11-14T20:00:00.000Z`;

exports[`kinopoisk/cinemaInfoFromRes generates a timestamp for showtime 3`] = `2016-11-14T08:00:00.000Z`;
