exports[`IMDB fetches movie rating by id 1`] = `
Object {
  "imdbRating": "number",
  "imdbRatingVoteCount": "number",
}
`;
